Input a positive integer: And another positive integer: 
The gcd of 21 and 14 is 7
