1 2 8 3 6 9 17 4 20 7 15 10 10 18 18 5 13 21 21 8 
