Provide 8 integers: 
The integers, sorted:

0  1  2  2  5  8  9  100  
