Type a list of floats, ending with a negative number
The mean is 2.000000
The variance is 0.666667
