Test Value: 
Sin of 3.141593 = 0.000000
Cos of 3.141593 = -1.000000
